[blablaland.co/index.html]
[backblue.gif]
[fade.gif]
[index.html]
[blablaland.co/favicon.ico]
[blablaland.co/assets/js/jquery/jquery-1.12.4.min.js]
[blablaland.co/assets/js/SwfObject.js]
[blablaland.co/assets/js/jq_functions.js]
[blablaland.co/assets/css/html5.css]
[blablaland.co/data/backgr/css/vers2/_base.css]
[blablaland.co/data/backgr/css/forum/Oxygen.css]
[blablaland.co/data/backgr/css/site.css]
[blablaland.co/site/shop_index.html]
[blablaland.co/data/logo/1logo_blablaland_topsite.png]
[blablaland.co/data/Profil/tmp_profil.png]
[blablaland.co/site/team_blablaland.html]
[blablaland.co/site/mot_de_passe_perdu.html]
[blablaland.co/data/backgr/deco/_home.png]
[blablaland.co/site/blablaland.html]
[blablaland.co/data/backgr/old/menu/blablaland.png]
[blablaland.co/site/news.html]
[blablaland.co/data/backgr/old/menu/blablaland_news.png]
[blablaland.co/site/communaute.html]
[blablaland.co/site/bblartclub.html]
[blablaland.co/data/backgr/old/menu/communaute_artclub.png]
[blablaland.co/site/fansites.html]
[blablaland.co/data/backgr/old/menu/communaute_fansite.png]
[blablaland.co/site/annuaire_bbl.html]
[blablaland.co/data/backgr/old/menu/communaute_annuaire.png]
[blablaland.co/forum.html]
[blablaland.co/site/mini_jeux.html]
[blablaland.co/site/jeu_donjon.html]
[blablaland.co/data/backgr/old/menu/jeu_donjon.png]
[blablaland.co/site/jeu_manoir.html]
[blablaland.co/data/backgr/old/menu/jeu_manoir.png]
[blablaland.co/site/jeu_pyramide.html]
[blablaland.co/data/backgr/old/menu/jeu_pyramide.png]
[blablaland.co/site/jeu_bbl_tournament_fury.html]
[blablaland.co/data/backgr/old/menu/jeu_bbltf.png]
[blablaland.co/site/jeu_blablataille_navale.html]
[blablaland.co/data/backgr/old/menu/jeu_bblnavale.png]
[blablaland.co/site/goodies.html]
[blablaland.co/site/bd_blabla.html]
[blablaland.co/data/backgr/old/menu/bd_blablaland.png]
[blablaland.co/data/backgr/old/menu/goodies.png]
[blablaland.co/chat/bbl_chat.html]
[blablaland.co/data/backgr/old/menu/shop_boutique.png]
[blablaland.co/site/aide.html]
[blablaland.co/site/infos_reglement.html]
[blablaland.co/data/backgr/old/menu/aide.png]
[blablaland.co/site/moderateurs.html]
[blablaland.co/data/backgr/old/menu/moderateurs.png]
[blablaland.co/data/backgr/old/menu/team_blabla.png]
[blablaland.co/site/inscription.html]
[blablaland.co/data/singup/tmp_smiley.png]
[blablaland.co/data/left/corner_TL.gif]
[blablaland.co/data/left/corner_TR.gif]
[blablaland.co/assets/js/swf/big_title.js]
[blablaland.co/data/left/journal.gif]
[blablaland.co/data/left/bulle.gif]
[blablaland.co/forum/viewforum0b30.html]
[blablaland.co/data/left/spacer.gif]
[blablaland.co/forum/viewforum1e35.html]
[blablaland.co/data/left/petite_news.jpg]
[blablaland.co/data/left/etoile2.gif]
[blablaland.co/forum/viewtopic715c.html]
[blablaland.co/site/membres42c0.html]
[blablaland.co/forum/viewtopic76b3.html]
[blablaland.co/site/membres6c46.html]
[blablaland.co/forum/viewtopic47be.html]
[blablaland.co/site/membres9f3a.html]
[blablaland.co/forum/viewtopic3b75.html]
[blablaland.co/site/membres8cfd.html]
[blablaland.co/data/left/stitle_24_bleu.gif]
[blablaland.co/data/left/fleche_violet.gif]
[blablaland.co/data/Goodies/11.jpg]
[blablaland.co/data/left/box_artclub.gif]
[blablaland.co/data/Goodies/12.jpg]
[blablaland.co/data/Goodies/13.jpg]
[blablaland.co/data/Goodies/14.jpg]
[blablaland.co/data/Goodies/15.jpg]
[blablaland.co/data/Goodies/16.jpg]
[blablaland.co/data/left/vignette.gif]
[blablaland.co/data/Goodies/17.jpg]
[blablaland.co/data/Goodies/18.jpg]
[blablaland.co/data/Goodies/19.jpg]
[blablaland.co/data/Goodies/20.jpg]
[blablaland.co/forum/viewtopic8ea3.html]
[blablaland.co/site/membresbfc5.html]
[blablaland.co/forum/viewtopic5e11.html]
[blablaland.co/site/membres2184.html]
[blablaland.co/forum/viewtopic6f1e.html]
[blablaland.co/forum/viewtopic0fbe.html]
[blablaland.co/site/membrese9e1.html]
[blablaland.co/forum/viewtopic756e.html]
[blablaland.co/forum/viewtopic4bc5.html]
[blablaland.co/forum/viewtopicab51.html]
[blablaland.co/site/membresb1f0.html]
[blablaland.co/forum/viewtopic6953.html]
[blablaland.co/forum/viewtopic52da.html]
[blablaland.co/site/membres6ec0.html]
[blablaland.co/forum/viewtopica435.html]
[blablaland.co/site/membresda62.html]
[blablaland.co/site/shop_skinf531.html]
[blablaland.co/index8d0d.html]
[blablaland.co/data/skins/691.jpg]
[blablaland.co/index26c4.html]
[i.imgur.com/sqrtkzb.jpg]
[blablaland.co/site/loteries.html]
[blablaland.co/site/membres8e83.html]
[blablaland.co/site/loteries6491.html]
[blablaland.co/forum/index.html]
[blablaland.co/data/left/discord.jpg]
[blablaland.co/data/logo/footer_logo.png]
[blablaland.co/site/forum.html]
[blablaland.co/site/blabillons.html]
[blablaland.co/site/jeu_madame_pipi.html]
[blablaland.co/site/wwf_panda.html]
[blablaland.co/data/left/Blablalandlogov2.png]
[blablaland.co/cdn-cgi/challenge-platform/scripts/invisible.js]
[blablaland.co/index.html]
[blablaland.co/assets/js/jquery/jquery-1.12.4.min.js]
[blablaland.co/cdn-cgi/challenge-platform/h/g/scripts/jsd/b5e45436/invisible.js]
[blablaland.co/assets/js/SwfObject.js]
[blablaland.co/assets/js/jq_functions.js]
[blablaland.co/assets/css/html5.css]
[blablaland.co/assets/js/swf2js.js]
[blablaland.co/data/backgr/header/fond_site.jpg]
[blablaland.co/data/backgr/css/vers2/alpha/FFFFFF_50.png]
[blablaland.co/data/backgr/css/vers2/menu/xtra/bonus_bbl.png]
[blablaland.co/data/left/footer_degrade.png]
[blablaland.co/data/backgr/deco/_festif.png]
[blablaland.co/data/singup/sinscriresprite.png]
[blablaland.co/data/right/calendrier.jpg]
[blablaland.co/data/right/boutique.jpg]
[blablaland.co/data/right/plusdebbl.jpg]
[blablaland.co/data/right/parrainage.jpg]
[blablaland.co/data/right/boutiquen99.jpg]
[blablaland.co/data/right/forum.jpg]
[blablaland.co/data/right/facebook.jpg]
[blablaland.co/data/right/bblartclub.jpg]
[blablaland.co/data/backgr/css/vers2/promo.png]
[blablaland.co/data/right/new.png]
[blablaland.co/data/right/fondobjetboutique.jpg]
[blablaland.co/data/right/btn_acheter.png]
[blablaland.co/data/left/stitle_57_bleu.gif]
[blablaland.co/data/backgr/css/vers2/_base.css]
[blablaland.co/data/backgr/css/forum/base.css]
[blablaland.co/data/backgr/css/forum/Oxygen_cs.css]
[blablaland.co/data/backgr/css/forum/Oxygen.css]
[blablaland.co/data/backgr/css/btn_buy.png]
[blablaland.co/data/backgr/css/box_left.gif]
[blablaland.co/data/backgr/css/box_r.gif]
[blablaland.co/data/backgr/css/box_c.gif]
[blablaland.co/site/img/box/stitle_57.gif]
[blablaland.co/site/img/box/stitle_24.gif]
[blablaland.co/data/backgr/css/site.css]
[blablaland.co/data/left/news_new.gif]
[blablaland.co/site/shop_skinfcdd.html]
[blablaland.co/data/skins/698.jpg]
[blablaland.co/site/shop_skin850d.html]
[blablaland.co/data/skins/696.jpg]
[blablaland.co/site/shop_skin82c4.html]
[blablaland.co/data/skins/693.jpg]
[blablaland.co/site/shop_skin0da0.html]
[blablaland.co/data/skins/694.jpg]
[blablaland.co/site/shop_objet1023.html]
[blablaland.co/data/objets/375.jpg]
[blablaland.co/data/left/TLA.gif]
[blablaland.co/data/left/TLB.gif]
[blablaland.co/data/left/TM.gif]
[blablaland.co/data/left/TR.gif]
[blablaland.co/data/left/MLA.gif]
[blablaland.co/site/shop_skin.html]
[blablaland.co/data/left/header_skin.jpg]
[blablaland.co/data/left/MR.gif]
[blablaland.co/data/left/BLA.gif]
[blablaland.co/data/left/BLB.gif]
[blablaland.co/data/left/BM.gif]
[blablaland.co/data/left/BR.gif]
[blablaland.co/site/shop_objet.html]
[blablaland.co/data/left/header_pouvoir.jpg]
[blablaland.co/site/shop_smile.html]
[blablaland.co/data/left/header_smile.jpg]
[blablaland.co/data/left/footer_page_communaute.jpg]
[blablaland.co/site/shop_index8d0d.html]
[blablaland.co/site/shop_index.html]
[blablaland.co/site/shop_index26c4.html]
[blablaland.co/assets/js/swf/faq_gandalf.js]
[blablaland.co/data/left/talk.gif]
[blablaland.co/assets/js/swf/goodies_title.js]
[blablaland.co/data/left/jaune_tl.gif]
[blablaland.co/data/left/jaune_tr.gif]
[blablaland.co/data/left/jaune_dl.gif]
[blablaland.co/data/left/jaune_dr.gif]
[blablaland.co/scripts/download2c35.gif]
[blablaland.co/outils/elements/viewskin/viewskin.swf]
[blablaland.co/site/membres4e93.html]
[blablaland.co/data/Profil/p_con_0.gif]
[blablaland.co/scripts/download074e.jpg]
[blablaland.co/site/membres2207.html]
[blablaland.co/scripts/download319d.png]
[blablaland.co/site/membres82ff.html]
[blablaland.co/scripts/downloade3c7.png]
[blablaland.co/scripts/download585b.png]
[blablaland.co/site/membres758c.html]
[blablaland.co/scripts/download32ff.jpg]
[blablaland.co/site/membresf221.html]
[blablaland.co/site/membres2b6d.html]
[blablaland.co/scripts/download371a.png]
[blablaland.co/site/membresa3a9.html]
[blablaland.co/site/membres17d3.html]
[blablaland.co/site/membres1e62.html]
[blablaland.co/site/membres14e2.html]
[blablaland.co/scripts/download3f35.gif]
[blablaland.co/site/membres0c04.html]
[blablaland.co/scripts/downloadd8aa.gif]
[blablaland.co/site/membres8328.html]
[blablaland.co/site/membresc1ab.html]
[blablaland.co/scripts/download8887.jpg]
[blablaland.co/site/membresb97e.html]
[blablaland.co/scripts/download3830.png]
[blablaland.co/site/membres1e55.html]
[blablaland.co/scripts/download47ee.png]
[blablaland.co/site/membres8ff1.html]
[blablaland.co/scripts/download7cf5.jpg]
[blablaland.co/site/membres9d87.html]
[blablaland.co/site/membrescff1.html]
[blablaland.co/scripts/download7560.png]
[blablaland.co/site/membres905b.html]
[blablaland.co/scripts/download4046.png]
[blablaland.co/site/membres0345.html]
[blablaland.co/scripts/downloadd73a.gif]
[blablaland.co/scripts/download0ca8.jpg]
[blablaland.co/site/membresdaa8.html]
[blablaland.co/site/team_blablaland8d0d.html]
[blablaland.co/site/team_blablaland.html]
[blablaland.co/site/team_blablaland26c4.html]
[blablaland.co/assets/swf/mdp_snif.swf]
[blablaland.co/data/left/etoile.gif]
[blablaland.co/data/spacer.gif]
[blablaland.co/site/mot_de_passe_perdu8d0d.html]
[blablaland.co/site/mot_de_passe_perdu.html]
[blablaland.co/site/blablaland.html]
[blablaland.co/site/news.html]
[blablaland.co/site/communaute.html]
[blablaland.co/site/bblartclub.html]
[blablaland.co/site/fansites.html]
[blablaland.co/site/annuaire_bbl.html]
[blablaland.co/forum.html]
[blablaland.co/site/mini_jeux.html]
[blablaland.co/site/jeu_donjon.html]
[blablaland.co/site/jeu_manoir.html]
[blablaland.co/site/jeu_pyramide.html]
[blablaland.co/site/jeu_bbl_tournament_fury.html]
[blablaland.co/site/jeu_blablataille_navale.html]
[blablaland.co/site/goodies.html]
[blablaland.co/site/bd_blabla.html]
[blablaland.co/chat/bbl_chat.html]
[blablaland.co/site/aide.html]
[blablaland.co/site/infos_reglement.html]
[blablaland.co/site/moderateurs.html]
[blablaland.co/site/inscription.html]
[blablaland.co/site/mot_de_passe_perdu26c4.html]
[blablaland.co/assets/swf/big_title.swf]
[blablaland.co/assets/img/swf/0.png]
[blablaland.co/assets/js/swf/big_title.js]
[blablaland.co/forum/viewforum0b30.html]
[blablaland.co/forum/viewforum1e35.html]
[blablaland.co/forum/viewtopic715c.html]
[blablaland.co/site/membres42c0.html]
[blablaland.co/forum/viewtopic76b3.html]
[blablaland.co/site/membres6c46.html]
[blablaland.co/forum/viewtopic47be.html]
[blablaland.co/site/membres9f3a.html]
[blablaland.co/forum/viewtopic3b75.html]
[blablaland.co/site/membres8cfd.html]
[blablaland.co/forum/viewtopic8ea3.html]
[blablaland.co/site/membresbfc5.html]
[blablaland.co/forum/viewtopic5e11.html]
[blablaland.co/site/membres2184.html]
[blablaland.co/forum/viewtopic6f1e.html]
[blablaland.co/forum/viewtopic0fbe.html]
[blablaland.co/site/membrese9e1.html]
[blablaland.co/forum/viewtopic756e.html]
[blablaland.co/forum/viewtopic4bc5.html]
[blablaland.co/forum/viewtopicab51.html]
[blablaland.co/site/membresb1f0.html]
[blablaland.co/forum/viewtopic6953.html]
[blablaland.co/forum/viewtopic52da.html]
[blablaland.co/site/membres6ec0.html]
[blablaland.co/forum/viewtopica435.html]
[blablaland.co/site/membresda62.html]
[blablaland.co/index8d0d.html]
[blablaland.co/site/shop_skinf531.html]
[blablaland.co/index26c4.html]
[blablaland.co/site/loteries.html]
[blablaland.co/site/membres8e83.html]
[blablaland.co/site/loteries6491.html]
[blablaland.co/forum/index.html]
[blablaland.co/site/forum.html]
[blablaland.co/site/blabillons.html]
[blablaland.co/site/jeu_madame_pipi.html]
[blablaland.co/site/wwf_panda.html]
[blablaland.co/site/m0U8HrEfT.5U05VM4oO_DAC3NVnVKcz60DBy9tU91Lo-1683692434-0-AX65lFmhuK5MFW9sVqU6XoKzKdBQVbr0Lman2F0smxo/index.html]
[blablaland.co/forum/qocKJvsTtCnw0RzSxbm5DhPdMyI5wUZDI482V6uaN3M-1683692439-0-AQoInrDpsYTw95FrBAR/e1ugEg3FWFaGP6RUahyEdd4/index.html]
[blablaland.co/site/wdhGdU7eGGioxhXWhllBHmKIvNZLj.8EZ3DlRRDh2HA-1683692440-0-ASJGoawPCeG2RQFewZdyBmqNz0PSj0/VmEU7o6jIx+U/index.html]
[blablaland.co/assets/js/map_color.g]
[blablaland.co/assets/js/swf2js.js]
[blablaland.co/data/backgr/css/vers2/alpha/FFFFFF_50.html]
[blablaland.co/data/backgr/css/vers2/menu/xtra/bonus_bbl.html]
[blablaland.co/data/backgr/css/vers2/promo.html]
[blablaland.co/data/backgr/css/forum/base.css]
[blablaland.co/data/left/stitle_24.gif]
[blablaland.co/assets/img/forum/fofo_no_mess.gif]
[blablaland.co/assets/img/forum/fofo_new_mess.gif]
[blablaland.co/data/backgr/css/forum/Oxygen_cs.css]
[blablaland.co/data/backgr/css/btn_buy.html]
[blablaland.co/data/backgr/css/box_left.html]
[blablaland.co/data/backgr/css/box_r.html]
[blablaland.co/data/backgr/css/box_c.html]
[blablaland.co/site/img/box/stitle_57.html]
[blablaland.co/site/img/box/stitle_24.html]
[blablaland.co/outils/elements/viewskin/viewskin582d.swf]
[blablaland.co/data/left/separation.gif]
[blablaland.co/data/left/skin_bg_18.jpg]
[blablaland.co/site/connexion3c8b.html]
[blablaland.co/site/shop_skin7c0f.html]
[blablaland.co/data/left/skins_header2.jpg]
[blablaland.co/data/left/ico_skin_small2.jpg]
[blablaland.co/data/left/ico_objet_small2.jpg]
[blablaland.co/data/left/ico_smile_small2.jpg]
[blablaland.co/data/left/accueil_boutique_halloween.jpg]
[blablaland.co/site/shop_skinc101.html]
[blablaland.co/site/shop_skin41b2.html]
[blablaland.co/site/shop_skinc413.html]
[blablaland.co/site/shop_skinca93.html]
[blablaland.co/site/shop_skinfcb7.html]
[blablaland.co/data/skins/692.jpg]
[blablaland.co/site/shop_skin9803.html]
[blablaland.co/data/skins/689.jpg]
[blablaland.co/site/shop_skinfbf7.html]
[blablaland.co/data/skins/690.jpg]
[blablaland.co/site/shop_skinfded.html]
[blablaland.co/data/skins/687.jpg]
[blablaland.co/site/shop_skin35ca.html]
[blablaland.co/data/skins/688.jpg]
[blablaland.co/site/shop_skin7c59.html]
[blablaland.co/data/skins/683.jpg]
[blablaland.co/data/left/page.gif]
[blablaland.co/data/left/p1s.gif]
[blablaland.co/data/left/spaces.gif]
[blablaland.co/site/shop_skin905b.html]
[blablaland.co/data/left/p2.gif]
[blablaland.co/site/shop_skin2207.html]
[blablaland.co/data/left/p3.gif]
[blablaland.co/site/shop_skin5c7e.html]
[blablaland.co/data/left/p4.gif]
[blablaland.co/site/shop_skinc471.html]
[blablaland.co/data/left/p5.gif]
[blablaland.co/site/shop_skin42dc.html]
[blablaland.co/data/left/p6.gif]
[blablaland.co/site/shop_skinc4f7.html]
[blablaland.co/data/left/p7.gif]
[blablaland.co/site/shop_skin2df4.html]
[blablaland.co/data/left/p8.gif]
[blablaland.co/site/shop_skin0735.html]
[blablaland.co/data/left/p1.gif]
[blablaland.co/data/left/ico_suiv.gif]
[blablaland.co/site/shop_skinc1a2.html]
[blablaland.co/outils/elements/viewskin/viewskin6c32.swf]
[blablaland.co/site/shop_skinf782.html]
[blablaland.co/site/shop_skinfb49.html]
[blablaland.co/site/connexioned47.html]
[blablaland.co/site/shop_skinf06d.html]
[blablaland.co/site/connexion3e4d.html]
[blablaland.co/site/shop_skin101b.html]
[blablaland.co/site/connexionb1f5.html]
[blablaland.co/site/shop_skin13e9.html]
[blablaland.co/site/connexion79d0.html]
[blablaland.co/site/shop_skinf9c5.html]
[blablaland.co/site/connexionf12a.html]
[blablaland.co/site/shop_skin5c1a.html]
[blablaland.co/site/shop_skinae5d.html]
[blablaland.co/site/shop_objet93a5.html]
[blablaland.co/data/objets/217.jpg]
[blablaland.co/site/shop_skineab7.html]
[blablaland.co/site/shop_skin30f3.html]
[blablaland.co/site/connexion0985.html]
[blablaland.co/site/shop_skinad73.html]
[blablaland.co/site/connexion667f.html]
[blablaland.co/site/shop_skineaaf.html]
[blablaland.co/site/connexion11e8.html]
[blablaland.co/site/shop_skinc0a4.html]
[blablaland.co/site/connexion076a.html]
[blablaland.co/site/shop_skin7de6.html]
[blablaland.co/outils/elements/viewskin/viewskindc3b.swf]
[blablaland.co/site/connexionbbba.html]
[blablaland.co/site/shop_skina346.html]
[blablaland.co/site/connexion53df.html]
[blablaland.co/site/shop_skin2142.html]
[blablaland.co/site/connexioneccc.html]
[blablaland.co/site/shop_skinb9ef.html]
[blablaland.co/site/connexion69e6.html]
[blablaland.co/site/shop_skinfda1.html]
[blablaland.co/site/connexion3238.html]
[blablaland.co/site/shop_skin11b8.html]
[blablaland.co/site/connexion732f.html]
[blablaland.co/site/shop_skinbd00.html]
[blablaland.co/site/connexion245c.html]
[blablaland.co/site/shop_skin02ba.html]
[blablaland.co/site/connexion6f41.html]
[blablaland.co/site/shop_skin0d36.html]
[blablaland.co/site/connexiona326.html]
[blablaland.co/site/shop_skin8231.html]
[blablaland.co/data/left/skin_bg_20.jpg]
[blablaland.co/site/shop_skinb4d5.html]
[blablaland.co/site/connexion44e0.html]
[blablaland.co/site/shop_skin25df.html]
[blablaland.co/site/connexionb693.html]
[blablaland.co/site/shop_skineaac.html]
[blablaland.co/site/connexionf50e.html]
[blablaland.co/site/shop_skin2a69.html]
[blablaland.co/site/connexion7956.html]
[blablaland.co/site/shop_skin03da.html]
[blablaland.co/data/left/news_limite.gif]
[blablaland.co/data/left/mini_search_white.jpg]
[blablaland.co/site/shop_skin0b49.html]
[blablaland.co/site/shop_skinf015.html]
[blablaland.co/site/shop_skin1d8b.html]
[blablaland.co/site/shop_skin2342.html]
[blablaland.co/site/shop_skin6696.html]
[blablaland.co/site/shop_skin113f.html]
[blablaland.co/site/shop_skin289f.html]
[blablaland.co/site/shop_skinfa01.html]
[blablaland.co/site/shop_skin7b45.html]
[blablaland.co/site/shop_skindd2f.html]
[blablaland.co/site/shop_skin228b.html]
[blablaland.co/site/shop_skin6b13.html]
[blablaland.co/site/shop_skincafe.html]
[blablaland.co/site/shop_skin0831.html]
[blablaland.co/site/shop_skin3a4f.html]
[blablaland.co/site/shop_skin3db5.html]
[blablaland.co/site/shop_skin471f.html]
[blablaland.co/site/shop_skinfcdd-2.html]
[blablaland.co/site/shop_skina8ab.html]
[blablaland.co/site/shop_skin472d.html]
[blablaland.co/site/shop_skinbb92.html]
[blablaland.co/site/shop_skin36f4.html]
[blablaland.co/site/shop_skin37d5.html]
[blablaland.co/site/shop_skinaccf.html]
[blablaland.co/site/shop_skinace6.html]
[blablaland.co/site/shop_skine60e.html]
[blablaland.co/site/shop_skin3c40.html]
[blablaland.co/site/shop_skin0e52.html]
[blablaland.co/site/shop_skin4b60.html]
[blablaland.co/site/shop_skin8d0d.html]
[blablaland.co/site/shop_skinfcdd.html]
[blablaland.co/site/shop_skin850d.html]
[blablaland.co/site/shop_skin82c4.html]
[blablaland.co/site/shop_skin0da0.html]
[blablaland.co/site/shop_objet1023.html]
[blablaland.co/site/shop_skin.html]
[blablaland.co/site/shop_objet.html]
[blablaland.co/site/shop_smile.html]
[blablaland.co/site/shop_index8d0d.html]
[blablaland.co/site/shop_index26c4.html]
[blablaland.co/assets/js/swf/faq_gandalf.js]
[blablaland.co/site/shop_skin26c4.html]
[blablaland.co/assets/swf/goodies_title.swf]
[blablaland.co/assets/img/swf/1.png]
[blablaland.co/assets/img/swf/2.png]
[blablaland.co/assets/js/swf/goodies_title.js]
[blablaland.co/site/membres4e93.html]
[blablaland.co/site/membres2207.html]
[blablaland.co/site/membres82ff.html]
[blablaland.co/site/membres758c.html]
[blablaland.co/site/membresf221.html]
[blablaland.co/site/membres2b6d.html]
[blablaland.co/site/membresa3a9.html]
[blablaland.co/site/membres17d3.html]
[blablaland.co/site/membres1e62.html]
[blablaland.co/site/membres14e2.html]
[blablaland.co/site/membres0c04.html]
[blablaland.co/site/membres8328.html]
[blablaland.co/site/membresc1ab.html]
[blablaland.co/site/membresb97e.html]
[blablaland.co/site/membres1e55.html]
[blablaland.co/site/membres8ff1.html]
[blablaland.co/site/membres9d87.html]
[blablaland.co/site/membrescff1.html]
[blablaland.co/site/membres905b.html]
[blablaland.co/site/membres0345.html]
[blablaland.co/site/membresdaa8.html]
[blablaland.co/site/team_blablaland8d0d.html]
[blablaland.co/site/team_blablaland26c4.html]
[blablaland.co/data/spacer.html]
[blablaland.co/site/mot_de_passe_perdu8d0d.html]
[blablaland.co/site/mot_de_passe_perdu26c4.html]
[blablaland.co/site/m0U8HrEfT.5U05VM4oO_DAC3NVnVKcz60DBy9tU91Lo-1683692434-0-AX65lFmhuK5MFW9sVqU6XoKzKdBQVbr0Lman2F0smxo/index.html]
[blablaland.co/forum/qocKJvsTtCnw0RzSxbm5DhPdMyI5wUZDI482V6uaN3M-1683692439-0-AQoInrDpsYTw95FrBAR/e1ugEg3FWFaGP6RUahyEdd4/index.html]
[blablaland.co/site/wdhGdU7eGGioxhXWhllBHmKIvNZLj.8EZ3DlRRDh2HA-1683692440-0-ASJGoawPCeG2RQFewZdyBmqNz0PSj0/VmEU7o6jIx+U/index.html]
[blablaland.co/assets/js/map_color.html]
[blablaland.co/assets/js/swf/connexion.js]
[blablaland.co/site/connexion8b7d.html]
[blablaland.co/data/Profil/mess_astuce.gif]
[blablaland.co/data/Profil/info_connexion.gif]
[blablaland.co/site/connexion8d0d.html]
[blablaland.co/site/connexion3c8b.html]
[blablaland.co/site/connexion26c4.html]
[blablaland.co/site/connexion5037.html]
[blablaland.co/site/connexion9d8f.html]
[blablaland.co/site/connexion913a.html]
[blablaland.co/site/connexionbc4d.html]
[blablaland.co/site/shop_skind795.html]
[blablaland.co/site/connexiondcfc.html]
[blablaland.co/site/shop_skin5108.html]
[blablaland.co/site/connexion2b63.html]
[blablaland.co/site/shop_skin1df3.html]
[blablaland.co/site/shop_skin0bb0.html]
[blablaland.co/site/shop_skinbaa9.html]
[blablaland.co/site/connexion6087.html]
[blablaland.co/site/shop_skinb7d9.html]
[blablaland.co/site/connexion7a52.html]
[blablaland.co/site/shop_skin7159.html]
[blablaland.co/site/connexion41f1.html]
[blablaland.co/site/shop_skinf18e.html]
[blablaland.co/site/connexion2288.html]
[blablaland.co/site/shop_skin42f5.html]
[blablaland.co/site/connexionc220.html]
[blablaland.co/site/shop_skin92ad.html]
[blablaland.co/site/connexionc067.html]
[blablaland.co/site/shop_skin7068.html]
[blablaland.co/site/connexion92d9.html]
[blablaland.co/site/shop_skind29d.html]
[blablaland.co/site/connexion0bb4.html]
[blablaland.co/site/shop_skin0608.html]
[blablaland.co/site/connexion1728.html]
[blablaland.co/site/shop_skin2be6.html]
[blablaland.co/site/connexion2c1e.html]
[blablaland.co/site/shop_skin4078.html]
[blablaland.co/site/connexion5192.html]
[blablaland.co/site/shop_skinb260.html]
[blablaland.co/site/connexionebf8.html]
[blablaland.co/site/shop_skin9381.html]
[blablaland.co/site/shop_skin7c0f.html]
[blablaland.co/site/shop_skinc101.html]
[blablaland.co/site/shop_skin41b2.html]
[blablaland.co/site/shop_skinc413.html]
[blablaland.co/site/shop_skinca93.html]
[blablaland.co/site/shop_skinfcb7.html]
[blablaland.co/site/shop_skin9803.html]
[blablaland.co/site/shop_skinfbf7.html]
[blablaland.co/site/shop_skinfded.html]
[blablaland.co/site/shop_skin35ca.html]
[blablaland.co/site/shop_skin7c59.html]
[blablaland.co/site/shop_skin905b.html]
[blablaland.co/site/shop_skin2207.html]
[blablaland.co/site/shop_skin5c7e.html]
[blablaland.co/site/shop_skinc471.html]
[blablaland.co/site/shop_skin42dc.html]
[blablaland.co/site/shop_skinc4f7.html]
[blablaland.co/site/shop_skin2df4.html]
[blablaland.co/site/shop_skin0735.html]
[blablaland.co/site/shop_skinc1a2.html]
[blablaland.co/site/shop_skinf782.html]
[blablaland.co/site/shop_skinfb49.html]
[blablaland.co/site/connexioned47.html]
[blablaland.co/site/shop_skinf06d.html]
[blablaland.co/site/connexion3e4d.html]
[blablaland.co/site/shop_skin101b.html]
[blablaland.co/site/connexionb1f5.html]
[blablaland.co/site/shop_skin13e9.html]
[blablaland.co/site/connexion79d0.html]
[blablaland.co/site/shop_skinf9c5.html]
[blablaland.co/site/connexionf12a.html]
[blablaland.co/site/shop_skin5c1a.html]
[blablaland.co/site/shop_skinae5d.html]
[blablaland.co/site/shop_objet93a5.html]
[blablaland.co/site/shop_skineab7.html]
[blablaland.co/site/shop_skin30f3.html]
[blablaland.co/site/connexion0985.html]
[blablaland.co/site/shop_skinad73.html]
[blablaland.co/site/connexion667f.html]
[blablaland.co/site/shop_skineaaf.html]
[blablaland.co/site/connexion11e8.html]
[blablaland.co/site/shop_skinc0a4.html]
[blablaland.co/site/connexion076a.html]
[blablaland.co/site/shop_skin7de6.html]
[blablaland.co/site/connexionbbba.html]
[blablaland.co/site/shop_skina346.html]
[blablaland.co/site/connexion53df.html]
[blablaland.co/site/shop_skin2142.html]
[blablaland.co/site/connexioneccc.html]
[blablaland.co/site/shop_skinb9ef.html]
[blablaland.co/site/connexion69e6.html]
[blablaland.co/site/shop_skinfda1.html]
[blablaland.co/site/connexion3238.html]
[blablaland.co/site/shop_skin11b8.html]
[blablaland.co/site/connexion732f.html]
[blablaland.co/site/shop_skinbd00.html]
[blablaland.co/site/connexion245c.html]
[blablaland.co/site/shop_skin02ba.html]
[blablaland.co/site/connexion6f41.html]
[blablaland.co/site/shop_skin0d36.html]
[blablaland.co/site/connexiona326.html]
[blablaland.co/site/shop_skin8231.html]
[blablaland.co/site/shop_skinb4d5.html]
[blablaland.co/site/connexion44e0.html]
[blablaland.co/site/shop_skin25df.html]
[blablaland.co/site/connexionb693.html]
[blablaland.co/site/shop_skineaac.html]
[blablaland.co/site/connexionf50e.html]
[blablaland.co/site/shop_skin2a69.html]
[blablaland.co/site/connexion7956.html]
[blablaland.co/site/shop_skin03da.html]
[blablaland.co/site/shop_skin0b49.html]
[blablaland.co/site/shop_skinf015.html]
[blablaland.co/site/shop_skin1d8b.html]
[blablaland.co/site/shop_skin2342.html]
[blablaland.co/site/shop_skin6696.html]
[blablaland.co/site/shop_skin113f.html]
[blablaland.co/site/shop_skin289f.html]
[blablaland.co/site/shop_skinfa01.html]
[blablaland.co/site/shop_skin7b45.html]
[blablaland.co/site/shop_skindd2f.html]
[blablaland.co/site/shop_skin228b.html]
[blablaland.co/site/shop_skin6b13.html]
[blablaland.co/site/shop_skincafe.html]
[blablaland.co/site/shop_skin0831.html]
[blablaland.co/site/shop_skin3a4f.html]
[blablaland.co/site/shop_skin3db5.html]
[blablaland.co/site/shop_skin471f.html]
[blablaland.co/site/shop_skinfcdd-2.html]
[blablaland.co/site/shop_skina8ab.html]
[blablaland.co/site/shop_skin472d.html]
[blablaland.co/site/shop_skinbb92.html]
[blablaland.co/site/shop_skin36f4.html]
[blablaland.co/site/shop_skin37d5.html]
[blablaland.co/site/shop_skinaccf.html]
[blablaland.co/site/shop_skinace6.html]
[blablaland.co/site/shop_skine60e.html]
[blablaland.co/site/shop_skin3c40.html]
[blablaland.co/site/shop_skin0e52.html]
[blablaland.co/site/shop_skin4b60.html]
[blablaland.co/site/shop_skin8d0d.html]
[blablaland.co/site/shop_skin26c4.html]
[blablaland.co/site/connexionf1ee.html]
[blablaland.co/site/Na8_zhzTPcUPKTfaVYQK16p4.bbyO2Vpy9WT1U6fsj4-1683692499-0-AQzXHZMZLxozA/d6aV8rpysbGukpGH0sh3IjP9LrIej/index.html]
[blablaland.co/site/x8QB.eI.IRgznig0oobQhkjzoYgKNVKyzI4WTcKMTZM-1683692511-0-AY3xOzrSQcbiOeXcJ5j5pz37nacMIq1E96fthp+I0Kb/index.html]
[blablaland.co/data/swf/connexion.19d.delayed]
[blablaland.co/assets/js/swf/connexion.js]
[blablaland.co/site/connexion8b7d.html]
[blablaland.co/site/connexion8d0d.html]
[blablaland.co/site/connexion26c4.html]
[blablaland.co/site/connexion5037.html]
[blablaland.co/site/connexion9d8f.html]
[blablaland.co/site/connexion913a.html]
[blablaland.co/site/connexionbc4d.html]
[blablaland.co/site/shop_skind795.html]
[blablaland.co/site/connexiondcfc.html]
[blablaland.co/site/shop_skin5108.html]
[blablaland.co/site/connexion2b63.html]
[blablaland.co/site/shop_skin1df3.html]
[blablaland.co/site/shop_skin0bb0.html]
[blablaland.co/site/shop_skinbaa9.html]
[blablaland.co/site/connexion6087.html]
[blablaland.co/site/shop_skinb7d9.html]
[blablaland.co/site/connexion7a52.html]
[blablaland.co/site/shop_skin7159.html]
[blablaland.co/site/connexion41f1.html]
[blablaland.co/site/shop_skinf18e.html]
[blablaland.co/site/connexion2288.html]
[blablaland.co/site/shop_skin42f5.html]
[blablaland.co/site/connexionc220.html]
[blablaland.co/site/shop_skin92ad.html]
[blablaland.co/site/connexionc067.html]
[blablaland.co/site/shop_skin7068.html]
[blablaland.co/site/connexion92d9.html]
[blablaland.co/site/shop_skind29d.html]
[blablaland.co/site/connexion0bb4.html]
[blablaland.co/site/shop_skin0608.html]
[blablaland.co/site/connexion1728.html]
[blablaland.co/site/shop_skin2be6.html]
[blablaland.co/site/connexion2c1e.html]
[blablaland.co/site/shop_skin4078.html]
[blablaland.co/site/connexion5192.html]
[blablaland.co/site/shop_skinb260.html]
[blablaland.co/site/connexionebf8.html]
[blablaland.co/site/shop_skin9381.html]
[blablaland.co/site/connexionf1ee.html]
[blablaland.co/site/Na8_zhzTPcUPKTfaVYQK16p4.bbyO2Vpy9WT1U6fsj4-1683692499-0-AQzXHZMZLxozA/d6aV8rpysbGukpGH0sh3IjP9LrIej/index.html]
[blablaland.co/site/x8QB.eI.IRgznig0oobQhkjzoYgKNVKyzI4WTcKMTZM-1683692511-0-AY3xOzrSQcbiOeXcJ5j5pz37nacMIq1E96fthp+I0Kb/index.html]
[blablaland.co/data/swf/connexion.html]
[zagicien.com/swf2jsa6f5.html]
[blablaland.co/site/l19S4GBcDAUR6V8fmuPM10uVoftge7Mi4MpKMSytOvo-1683692525-0-AVj3/AP+9R/R2tZ5sEzupjYJzIfLo19lRBbAGwgU0fE/index.html]
[blablaland.co/site/l19S4GBcDAUR6V8fmuPM10uVoftge7Mi4MpKMSytOvo-1683692525-0-AVj3/AP+9R/R2tZ5sEzupjYJzIfLo19lRBbAGwgU0fE/index.html]
